【川崎 1R】
```
順位    馬番    馬名                      推奨度     偏差値     
------------------------------------------------------------
1     2番    オーサムジェンヌ                ◎◎◎      69.0
2     10番    ピサンザプラ                  ◎◎       60.4
3     8番    フランキングライン               ◎◎       60.1
4     3番    フエルテコラソン                ◎        58.4
5     6番    フォーティチュード               ○        53.2
6     1番    ビターメロン                  ○        52.4
7     4番    グランドフロイデ                △        46.7
8     11番    ホワイトフジ                  ▲        44.3
9     9番    シノン                     ×        40.0
10    7番    ヒデガミクィーン                ×        39.7
11    12番    ササキンメロディ                ×        38.5
12    5番    スカイライズ                  ×        37.4
```

🎯 **推奨買い目**
  Top3: 2, 10, 8
  Top5: 2, 10, 8, 3, 6
